{
  "Errors": {
    "": [
      "A non-empty request body is required."
    ],
    "createOrder": [
      "The createOrder field is required."
    ]
  },
  "Status": 400
}
