{
  "Errors": {
    "lineItems[0].productId": [
      "'product Id' must not be empty."
    ]
  },
  "Status": 400
}
