{
  "LineItems": [
    {
      "ProductId": 1,
      "Quantity": -100
    }
  ]
}
