{
  "Type": "https://tools.ietf.org/html/rfc7231#section-6.5.1",
  "Title": "One or more validation errors occurred.",
  "Status": 400,
  "Detail": null,
  "Instance": null,
  "Extensions": {}
}
